auto_start_break: true
auto_start_work: false
break_sound: bell
confetti_enabled: false
dark_theme: true
flow_bell: true
flow_bell_sound: tibetan_bell
flow_default: true
long_break_color: '#C492B1'
long_break_duration: 15m
long_break_interval: 4
long_break_msg: Take a long break
notify: true
session_cmd: ""
short_break_color: '#12EAEA'
short_break_duration: 5m
short_break_msg: Take a breather
sound: ""
sound_on_break: false
strict: false
work_color: '#B0DB43'
work_duration: 25m
work_msg: Focus on your task
work_sound: loud_bell
